synth-basic: 8/8 in 7s
synth-behavior: 13/13 in 3s
synth-both-frontier: 1/1 in 3s
synth-church-layered-providers: 6/6 in 3s
synth-church-providers: 6/6 in 3s
synth-church-rankn: 69/69 in 4s
synth-church: 9/9 in 3s
synth-djinn-providers: 11/11 in 3s
synth-five-binder-rankn: 6/6 in 3s
synth-inductives: 13/13 in 9s
synth-instance-implicit: 4/4 in 3s
synth-library: 7/7 in 3s
synth-manual: 31/31 in 7s
synth-parametric-rankn: 9/9 in 3s
synth-prove: 5/5 in 3s
synth-provider-argument-rankn: 2/2 in 3s
synth-provider-bound-context-head: 3/3 in 3s
synth-provider-constraint-closure: 6/6 in 3s
synth-provider-contextual-assignment: 9/9 in 3s
synth-provider-higher-kind-assignment: 12/12 in 3s
synth-provider-implicit-visible-result: 8/8 in 3s
synth-provider-metadata-fitting: 2/2 in 3s
synth-provider-refutation-fallback: 5/5 in 3s
synth-provider-structural-assignment: 6/6 in 3s
synth-quantified-provider: 9/9 in 3s
synth-quartic-rankn: 3/3 in 5s
synth-query-closed-rankn: 3/3 in 3s
synth-quintic-rankn: 2/2 in 4s
synth-recursive-rankn: 4/4 in 5s
synth-six-binder-rankn: 6/6 in 4s

TOTAL 278/278
