build: ok in 0s
baseline: 278/278 in 86s
recursive: 9/9 in 4s
church: 28/28 in 164s
context: 95/95 in 7s
corpus: 350/350 in 24s
session: 6/6 in 14s
results: 10/10 in 29s
extended: 29/29 in 84s
extended: OPEN 0/0 solved
recursion-gates: 5/5 in 14s
recursion-gates: OPEN 0/0 solved
local-proofs: 6/6 in 15s
local-proofs: OPEN 0/0 solved
guard-gates: 5/5 in 16s
guard-gates: OPEN 0/0 solved
tree-composition: 3/3 in 13s
tree-composition: OPEN 0/0 solved
frontends: 8/8 in 40s

| Harness | Score | Time |
| --- | --- | --- |
| baseline | 278/278 | 86 s |
| recursive | 9/9 | 4 s |
| church | 28/28 | 164 s |
| context | 95/95 | 7 s |
| corpus | 350/350 | 24 s |
| session | 6/6 | 14 s |
| results | 10/10 | 29 s |
| extended | 29/29 | 84 s |
| recursion-gates | 5/5 | 14 s |
| local-proofs | 6/6 | 15 s |
| guard-gates | 5/5 | 16 s |
| tree-composition | 3/3 | 13 s |
| frontends | 8/8 | 40 s |
