build: ok in 2s
baseline: 278/278 in 129s
recursive: 9/9 in 5s
church: 28/28 in 102s
context: 95/95 in 9s
corpus: 350/350 in 25s
session: 6/6 in 14s
results: 10/10 in 24s
extended: 29/29 in 77s
extended: OPEN 0/0 solved
recursion-gates: 5/5 in 13s
recursion-gates: OPEN 0/0 solved
local-proofs: 6/6 in 16s
local-proofs: OPEN 0/0 solved
guard-gates: 5/5 in 15s
guard-gates: OPEN 0/0 solved
tree-composition: 3/3 in 11s
tree-composition: OPEN 0/0 solved
frontends: 8/8 in 33s

| Harness | Score | Time |
| --- | --- | --- |
| baseline | 278/278 | 129 s |
| recursive | 9/9 | 5 s |
| church | 28/28 | 102 s |
| context | 95/95 | 9 s |
| corpus | 350/350 | 25 s |
| session | 6/6 | 14 s |
| results | 10/10 | 24 s |
| extended | 29/29 | 77 s |
| recursion-gates | 5/5 | 13 s |
| local-proofs | 6/6 | 16 s |
| guard-gates | 5/5 | 15 s |
| tree-composition | 3/3 | 11 s |
| frontends | 8/8 | 33 s |
