build: ok in 0s
baseline: 278/278 in 90s
recursive: 9/9 in 4s
church: 28/28 in 164s
context: 95/95 in 8s
corpus: 350/350 in 24s
session: 6/6 in 13s
results: 10/10 in 24s
extended: 29/29 in 76s
extended: OPEN 0/0 solved
recursion-gates: 5/5 in 13s
recursion-gates: OPEN 0/0 solved
local-proofs: 6/6 in 18s
local-proofs: OPEN 0/0 solved
guard-gates: 5/5 in 15s
guard-gates: OPEN 0/0 solved
tree-composition: 3/3 in 12s
tree-composition: OPEN 0/0 solved
frontends: 8/8 in 31s
sketches: 7/7 in 27s

| Harness | Score | Time |
| --- | --- | --- |
| baseline | 278/278 | 90 s |
| recursive | 9/9 | 4 s |
| church | 28/28 | 164 s |
| context | 95/95 | 8 s |
| corpus | 350/350 | 24 s |
| session | 6/6 | 13 s |
| results | 10/10 | 24 s |
| extended | 29/29 | 76 s |
| recursion-gates | 5/5 | 13 s |
| local-proofs | 6/6 | 18 s |
| guard-gates | 5/5 | 15 s |
| tree-composition | 3/3 | 12 s |
| frontends | 8/8 | 31 s |
| sketches | 7/7 | 27 s |
