build: ok in 0s
baseline: 278/278 in 79s
recursive: 9/9 in 4s
church: 28/28 in 100s
context: 95/95 in 8s
corpus: 350/350 in 16s
session: 6/6 in 14s
results: 10/10 in 22s
extended: 29/29 in 75s
extended: OPEN 0/0 solved
recursion-gates: 5/5 in 13s
recursion-gates: OPEN 0/0 solved
local-proofs: 6/6 in 16s
local-proofs: OPEN 0/0 solved
guard-gates: 5/5 in 15s
guard-gates: OPEN 0/0 solved
tree-composition: 3/3 in 10s
tree-composition: OPEN 0/0 solved
frontends: 8/8 in 31s
sketches: 7/7 in 26s

| Harness | Score | Time |
| --- | --- | --- |
| baseline | 278/278 | 79 s |
| recursive | 9/9 | 4 s |
| church | 28/28 | 100 s |
| context | 95/95 | 8 s |
| corpus | 350/350 | 16 s |
| session | 6/6 | 14 s |
| results | 10/10 | 22 s |
| extended | 29/29 | 75 s |
| recursion-gates | 5/5 | 13 s |
| local-proofs | 6/6 | 16 s |
| guard-gates | 5/5 | 15 s |
| tree-composition | 3/3 | 10 s |
| frontends | 8/8 | 31 s |
| sketches | 7/7 | 26 s |
