build: ok in 0s
baseline: 278/278 in 79s
recursive: 9/9 in 4s
church: 28/28 in 156s
context: 95/95 in 6s
corpus: 350/350 in 14s
session: 6/6 in 14s
results: 10/10 in 23s
extended: 26/26 in 101s
extended: OPEN probe09_max refuted [10020 ms]
extended: OPEN probe10_drop_zeros refuted [10027 ms]
extended: OPEN probe11_tree_inorder refuted [10019 ms]
extended: OPEN 0/3 solved
recursion-gates: 5/5 in 13s
recursion-gates: OPEN 0/0 solved
local-proofs: 6/6 in 15s
local-proofs: OPEN 0/0 solved

| Harness | Score | Time |
| --- | --- | --- |
| baseline | 278/278 | 79 s |
| recursive | 9/9 | 4 s |
| church | 28/28 | 156 s |
| context | 95/95 | 6 s |
| corpus | 350/350 | 14 s |
| session | 6/6 | 14 s |
| results | 10/10 | 23 s |
| extended | 26/26 | 101 s |
| recursion-gates | 5/5 | 13 s |
| local-proofs | 6/6 | 15 s |
