build: ok in 0s
baseline: 278/278 in 78s
recursive: 9/9 in 4s
church: 28/28 in 89s
context: 95/95 in 6s
corpus: 350/350 in 15s
session: 6/6 in 14s
results: 10/10 in 24s
extended: 26/26 in 85s
extended: OPEN probe09_max refuted [5021 ms]
extended: OPEN probe10_drop_zeros refuted [5016 ms]
extended: OPEN probe11_tree_inorder refuted [5013 ms]
extended: OPEN 0/3 solved
recursion-gates: 5/5 in 13s
recursion-gates: OPEN 0/0 solved
local-proofs: 6/6 in 15s
local-proofs: OPEN 0/0 solved

| Harness | Score | Time |
| --- | --- | --- |
| baseline | 278/278 | 78 s |
| recursive | 9/9 | 4 s |
| church | 28/28 | 89 s |
| context | 95/95 | 6 s |
| corpus | 350/350 | 15 s |
| session | 6/6 | 14 s |
| results | 10/10 | 24 s |
| extended | 26/26 | 85 s |
| recursion-gates | 5/5 | 13 s |
| local-proofs | 6/6 | 15 s |
