build: ok in 0s
baseline: 278/278 in 82s
recursive: 9/9 in 4s
church: 28/28 in 165s
context: 95/95 in 7s
corpus: 350/350 in 13s
session: 6/6 in 13s
extended: 21/21 in 129s
extended: OPEN probe04_pow_two refuted [10017 ms]
extended: OPEN probe08_vec_map search_exhausted [573 ms]
extended: OPEN probe09_max refuted [10017 ms]
extended: OPEN probe10_drop_zeros refuted [10041 ms]
extended: OPEN probe11_tree_inorder refuted [10018 ms]
extended: OPEN probe14_fin budget_exhausted [8642 ms]
extended: OPEN probe16_le_trans search_exhausted [24 ms]
extended: OPEN core_nat_pred refuted [10011 ms]
extended: OPEN 0/8 solved

| Harness | Score | Time |
| --- | --- | --- |
| baseline | 278/278 | 82 s |
| recursive | 9/9 | 4 s |
| church | 28/28 | 165 s |
| context | 95/95 | 7 s |
| corpus | 350/350 | 13 s |
| session | 6/6 | 13 s |
| extended | 21/21 | 129 s |
