build: ok in 0s
baseline: 278/278 in 81s
recursive: 9/9 in 4s
church: 28/28 in 99s
context: 95/95 in 9s
corpus: 350/350 in 14s
session: 6/6 in 14s
extended: 21/21 in 100s
extended: OPEN probe04_pow_two refuted [5014 ms]
extended: OPEN probe08_vec_map search_exhausted [570 ms]
extended: OPEN probe09_max refuted [5017 ms]
extended: OPEN probe10_drop_zeros refuted [5013 ms]
extended: OPEN probe11_tree_inorder refuted [5013 ms]
extended: OPEN probe14_fin budget_exhausted [4320 ms]
extended: OPEN probe16_le_trans search_exhausted [23 ms]
extended: OPEN core_nat_pred refuted [5014 ms]
extended: OPEN 0/8 solved

| Harness | Score | Time |
| --- | --- | --- |
| baseline | 278/278 | 81 s |
| recursive | 9/9 | 4 s |
| church | 28/28 | 99 s |
| context | 95/95 | 9 s |
| corpus | 350/350 | 14 s |
| session | 6/6 | 14 s |
| extended | 21/21 | 100 s |
