build: ok in 0s
baseline: 278/278 in 99s
recursive: 9/9 in 4s
church: 28/28 in 154s
context: 95/95 in 11s
corpus: 350/350 in 24s
session: 6/6 in 19s
results: 10/10 in 26s
extended: 29/29 in 79s
extended: OPEN 0/0 solved
recursion-gates: 5/5 in 12s
recursion-gates: OPEN 0/0 solved
local-proofs: 6/6 in 15s
local-proofs: OPEN 0/0 solved
guard-gates: 5/5 in 14s
guard-gates: OPEN 0/0 solved
tree-composition: 3/3 in 10s
tree-composition: OPEN 0/0 solved
frontends: 8/8 in 31s

| Harness | Score | Time |
| --- | --- | --- |
| baseline | 278/278 | 99 s |
| recursive | 9/9 | 4 s |
| church | 28/28 | 154 s |
| context | 95/95 | 11 s |
| corpus | 350/350 | 24 s |
| session | 6/6 | 19 s |
| results | 10/10 | 26 s |
| extended | 29/29 | 79 s |
| recursion-gates | 5/5 | 12 s |
| local-proofs | 6/6 | 15 s |
| guard-gates | 5/5 | 14 s |
| tree-composition | 3/3 | 10 s |
| frontends | 8/8 | 31 s |
