build: ok in 0s
baseline: 278/278 in 75s
recursive: 9/9 in 5s
church: 28/28 in 99s
context: 95/95 in 8s
corpus: 350/350 in 26s
session: 6/6 in 14s
results: 10/10 in 25s
extended: 29/29 in 83s
extended: OPEN 0/0 solved
recursion-gates: 5/5 in 13s
recursion-gates: OPEN 0/0 solved
local-proofs: 6/6 in 15s
local-proofs: OPEN 0/0 solved
guard-gates: 5/5 in 14s
guard-gates: OPEN 0/0 solved
tree-composition: 3/3 in 10s
tree-composition: OPEN 0/0 solved
frontends: 8/8 in 33s

| Harness | Score | Time |
| --- | --- | --- |
| baseline | 278/278 | 75 s |
| recursive | 9/9 | 5 s |
| church | 28/28 | 99 s |
| context | 95/95 | 8 s |
| corpus | 350/350 | 26 s |
| session | 6/6 | 14 s |
| results | 10/10 | 25 s |
| extended | 29/29 | 83 s |
| recursion-gates | 5/5 | 13 s |
| local-proofs | 6/6 | 15 s |
| guard-gates | 5/5 | 14 s |
| tree-composition | 3/3 | 10 s |
| frontends | 8/8 | 33 s |
