build: ok in 0s
baseline: 278/278 in 81s
recursive: 9/9 in 7s
church: 28/28 in 165s
context: 95/95 in 7s
corpus: 350/350 in 26s
session: 6/6 in 17s
results: 10/10 in 24s
extended: 29/29 in 74s
extended: OPEN 0/0 solved
recursion-gates: 5/5 in 15s
recursion-gates: OPEN 0/0 solved
local-proofs: 6/6 in 15s
local-proofs: OPEN 0/0 solved
guard-gates: 5/5 in 13s
guard-gates: OPEN 0/0 solved
tree-composition: 3/3 in 10s
tree-composition: OPEN 0/0 solved

| Harness | Score | Time |
| --- | --- | --- |
| baseline | 278/278 | 81 s |
| recursive | 9/9 | 7 s |
| church | 28/28 | 165 s |
| context | 95/95 | 7 s |
| corpus | 350/350 | 26 s |
| session | 6/6 | 17 s |
| results | 10/10 | 24 s |
| extended | 29/29 | 74 s |
| recursion-gates | 5/5 | 15 s |
| local-proofs | 6/6 | 15 s |
| guard-gates | 5/5 | 13 s |
| tree-composition | 3/3 | 10 s |
